Octopus.Server.Extensibility.JiraIntegration.JiraIntegrationExtension